python : C:\Python312\Lib\site-packages\apispec\ext\marshmallow\openapi.py:134: UserWarning: Multiple schemas resolved to the name User. The name has been modified. Either manually 
add each of the schemas with a different name or provide a custom schema_name_resolver.
At line:1 char:65
+ ... l instruments rental API" ; python comprehensive_test.py 2>&1 | Tee-O ...
+                                 ~~~~~~~~~~~~~~~~~~~~~~~~~~~~~~~~~
    + CategoryInfo          : NotSpecified: (C:\Python312\Li..._name_resolver.:String) [], RemoteException
    + FullyQualifiedErrorId : NativeCommandError
 
  name = get_unique_schema_name(self.spec.components, name)
C:\Users\Hercules\AppData\Roaming\Python\Python312\site-packages\flask_sqlalchemy\model.py:22: SAWarning: relationship 'Review.user' will copy column users.id to column 
reviews.renter_id, which conflicts with relationship(s): 'Review.renter' (copies users.id to reviews.renter_id). If this is not the intention, consider if these relationships should 
be linked with back_populates, or if viewonly=True should be applied to one or more if they are read-only. For the less common case that foreign key constraints are partially 
overlapping, the orm.foreign() annotation can be used to isolate the columns that should be written towards.   To silence this warning, add the parameter 'overlaps="renter"' to the 
'Review.user' relationship. (Background on this warning at: https://sqlalche.me/e/20/qzyx) (This warning originated from the `configure_mappers()` process, which was invoked 
automatically in response to a user-initiated operation.)
  return cls.query_class(

================================================================================
COMPREHENSIVE API TEST SUITE
================================================================================


--------------------------------------------------------------------------------
TESTING BASIC ENDPOINTS
--------------------------------------------------------------------------------
[19:17:34] INFO     | [ROOT] Root endpoint
[19:17:34] PASS     |   GET / => 200
[19:17:34] INFO     | [HEALTH] Health check
[19:17:34] PASS     |   GET /health => 200
[19:17:34] INFO     | [API] API root redirect
[19:17:34] PASS     |   GET /api => 302
[19:17:34] INFO     | [SWAGGER] OpenAPI specification
[19:17:34] PASS     |   GET /swagger.json => 200

--------------------------------------------------------------------------------
TESTING AUTHENTICATION ENDPOINTS
--------------------------------------------------------------------------------
[19:17:34] INFO     | [AUTH] Register renter user
[19:17:35] PASS     |   POST /api/auth/register => 201
[19:17:35] INFO     | [AUTH] Register owner user
[19:17:36] PASS     |   POST /api/auth/register => 201
[19:17:36] INFO     | [AUTH] Login renter
[19:17:36] PASS     |   POST /api/auth/login => 200
[19:17:36] INFO     | [AUTH] Login owner
[19:17:36] PASS     |   POST /api/auth/login => 200
[19:17:36] INFO     | [AUTH] Get renter profile
[19:17:36] PASS     |   GET /api/auth/profile => 200
[19:17:36] INFO     | [AUTH] Get owner profile
[19:17:36] PASS     |   GET /api/auth/profile => 200
[19:17:36] PASS     |   POST /api/auth/refresh => 200

--------------------------------------------------------------------------------
TESTING INSTRUMENT ENDPOINTS
--------------------------------------------------------------------------------
[19:17:36] INFO     | [INSTRUMENTS] List all instruments
[19:17:36] PASS     |   GET /api/instruments => 200
[19:17:36] INFO     | [INSTRUMENTS] Get available instruments
[19:17:37] PASS     |   GET /api/instruments/available => 200
[19:17:37] INFO     | [INSTRUMENTS] Create new instrument
[19:17:37] PASS     |   POST /api/instruments => 201
[19:17:37] INFO     | [INSTRUMENTS] Get instrument details
[19:17:37] PASS     |   GET /api/instruments/5 => 200
[19:17:37] INFO     | [INSTRUMENTS] Update instrument
[19:17:37] FAIL     |   PUT /api/instruments/5 => Expected 200, got 422

--------------------------------------------------------------------------------
TESTING RENTAL ENDPOINTS
--------------------------------------------------------------------------------
[19:17:37] INFO     | [OWNERSHIP] Create ownership
[19:17:37] PASS     |   POST /api/instru-ownership => 201
[19:17:37] INFO     | [RENTALS] List user rentals
[19:17:37] PASS     |   GET /api/rentals => 200
[19:17:37] INFO     | [RENTALS] Create rental
[19:17:38] PASS     |   POST /api/rentals => 201
[19:17:38] INFO     | [RENTALS] Get rental details
[19:17:38] PASS     |   GET /api/rentals/6 => 200

--------------------------------------------------------------------------------
TESTING USER ENDPOINTS
--------------------------------------------------------------------------------
[19:17:38] INFO     | [USERS] List all users
[19:17:38] PASS     |   GET /api/users => 200
[19:17:38] INFO     | [USERS] Get user details
[19:17:38] PASS     |   GET /api/users/16 => 200
[19:17:38] INFO     | [USERS] Update user
[19:17:39] PASS     |   PUT /api/users/16 => 200

--------------------------------------------------------------------------------
TESTING INSTRUMENT OWNERSHIP ENDPOINTS
--------------------------------------------------------------------------------
[19:17:39] INFO     | [OWNERSHIP] List ownerships
[19:17:39] PASS     |   GET /api/instru-ownership => 200
[19:17:39] INFO     | [OWNERSHIP] Get my instruments
[19:17:39] PASS     |   GET /api/instru-ownership/my-instruments => 200
[19:17:39] INFO     | [OWNERSHIP] Get ownership details
[19:17:39] PASS     |   GET /api/instru-ownership/5 => 200

--------------------------------------------------------------------------------
TESTING PAYMENT ENDPOINTS
--------------------------------------------------------------------------------
[19:17:39] INFO     | [PAYMENTS] List payments
[19:17:39] PASS     |   GET /api/payments => 200

--------------------------------------------------------------------------------
TESTING REVIEW ENDPOINTS
--------------------------------------------------------------------------------
[19:17:39] INFO     | [REVIEWS] List reviews
[19:17:39] PASS     |   GET /api/reviews/ => 200

--------------------------------------------------------------------------------
TESTING DASHBOARD ENDPOINTS
--------------------------------------------------------------------------------
[19:17:39] INFO     | [DASHBOARD] Owner dashboard
[19:17:40] PASS     |   GET /api/dashboard/owner => 200
[19:17:40] INFO     | [DASHBOARD] Renter dashboard
[19:17:40] PASS     |   GET /api/dashboard/renter => 200

--------------------------------------------------------------------------------
TESTING RECOMMENDATION ENDPOINTS
--------------------------------------------------------------------------------
[19:17:40] INFO     | [RECOMMENDATIONS] Get recommendations
[19:17:40] PASS     |   GET /api/recommendations => 200

--------------------------------------------------------------------------------
TESTING SURVEY ENDPOINTS
--------------------------------------------------------------------------------
[19:17:40] INFO     | [SURVEY] List surveys
[19:17:40] FAIL     |   GET /api/survey => Expected 200, got 404
[19:17:40] INFO     | [SURVEY] Create survey response
[19:17:41] PASS     |   POST /api/survey => 201

--------------------------------------------------------------------------------
TESTING CHATBOT ENDPOINTS
--------------------------------------------------------------------------------
[19:17:41] INFO     | [CHATBOT] Get sessions
[19:17:41] PASS     |   GET /api/chatbot/sessions => 200
[19:17:41] INFO     | [CHATBOT] Send message
Ollama unavailable, using fallback chatbot: [WinError 10061] No connection could be made because the target machine actively refused it
[19:17:45] PASS     |   POST /api/chatbot/chat => 200
[19:17:45] INFO     | [CHATBOT] Get chat history
[19:17:45] PASS     |   GET /api/chatbot/history/a9f2b350-5a07-47c7-82df-b356d6c1bd91 => 200

================================================================================
TEST SUMMARY
================================================================================

Total Endpoints Tested: 36
[PASS] Passed: 34 (94.4%)
[FAIL] Failed: 2 (5.6%)

--------------------------------------------------------------------------------
FAILURES DETAIL
--------------------------------------------------------------------------------

1. PUT /api/instruments/5
   Expected: 200
   Actual: 422
   Response: {
  "code": 422,
  "errors": {
    "json": {
      "category": [
        "Missing data for required field."
      ],
      "daily_rate": [
        "Unknown field."
      ],
      "name": [
        "Missing data for required field."
      ]
    }
  },
  "status": "Unprocessable Entity"
}

2. GET /api/survey
   Expected: 200
   Actual: 404
   Response: {
  "code": 404,
  "message": "Survey not found for this user",
  "status": "Not Found"
}

================================================================================
[ERROR] 2 TEST(S) FAILED - Review details above
================================================================================

